%-12345X@PJL JOB
@PJL COMMENT Setup=1
@PJL COMMENT JCL SETUP
@PJL COMMENT Resolution=600x600dpi
@PJL SET RESOLUTION = 600
p0s0b4101T(s24V*p655x942Y1E%-12345X@PJL EOJ
